[furni-demo.myshopify.com/index.html]
[cdn.shopify.com/s/files/1/2588/1650/t/3/assets/favicon8a0b.png]
[backblue.gif]
[fade.gif]
[index.html]
[cdn.shopify.com/s/files/1/2588/1650/t/3/assets/logo8a0b.png]
[cdn.shopify.com/s/javascripts/tricorder/trekkie.storefront.min97e4.js]
[cdn.shopify.com/s/assets/shop_events_listener-76ce6d7f3e50d4b8c05874c34d2ea1340c45e5babba61276dadcaeed488ca16a.js]
[cdn.shopify.com/s/assets/storefront/express_buttons-7e3beee5b06ba6eaac6750eebd2c599ec66a231cbf412fbd80defaf286cdf494.js]
[cdn.shopify.com/s/assets/storefront/features-35fa919124302b0d097cdba90a4cba671b688a3c3c61403c926ff7818bbb918f.js]
[cdn.shopify.com/s/files/1/2588/1650/t/3/compiled_assets/scripts8a0b.js]
[ajax.googleapis.com/ajax/libs/jquery/1.8.1/jquery.min.js]
[cdn.shopify.com/s/files/1/2588/1650/t/3/assets/jquery-cookie.min8a0b.js]
[cdn.shopify.com/s/files/1/2588/1650/t/3/assets/modernizr.min8a0b.js]
[cdn.shopify.com/s/files/1/2588/1650/t/3/assets/jquery.flexslider.min8a0b.js]
[cdn.shopify.com/s/files/1/2588/1650/t/3/assets/jquery.sticky8a0b.js]
[cdn.shopify.com/s/files/1/2588/1650/t/3/assets/bootstrap.min8a0b.js]
[cdn.shopify.com/s/files/1/2588/1650/t/3/assets/loading8a0b.gif]
[furni-demo.myshopify.com/pages/wishlist.html]
[furni-demo.myshopify.com/cart.html]
[furni-demo.myshopify.com/account/login.html]
[furni-demo.myshopify.com/collections/all.html]
[furni-demo.myshopify.com/products/amet-kalrfort.html]
[furni-demo.myshopify.com/products/ladder-roswell-solid-wood-table.html]
[furni-demo.myshopify.com/products/hetal-enterprises-leatherette-office-chair.html]
[furni-demo.myshopify.com/products/woodstock-office-chair.html]
[furni-demo.myshopify.com/products/leatherette-office-chair.html]
[furni-demo.myshopify.com/collections.html]
[furni-demo.myshopify.com/products/voluptate-lit.html]
[furni-demo.myshopify.com/products/fuastick-chair.html]
[cdn.shopify.com/s/files/1/2588/1650/files/dropdown_4_menu_image_3_2000xcb93.jpg]
[furni-demo.myshopify.com/products/interior-leatherette-chair.html]
[furni-demo.myshopify.com/products/muren-durable-and-portable-printed-study-table.html]
[cdn.shopify.com/s/files/1/2588/1650/t/3/assets/slideshow_18a0b.jpg]
[cdn.shopify.com/s/files/1/2588/1650/files/img1154b.jpg]
[cdn.shopify.com/s/files/1/2588/1650/files/img2e236.jpg]
[cdn.shopify.com/s/files/1/2588/1650/files/img3e409.jpg]
[cdn.shopify.com/s/files/1/2588/1650/products/p5399a.jpg]
[furni-demo.myshopify.com/collections/chairs/products/hetal-enterprises-leatherette-office-chair.html]
[cdn.shopify.com/s/files/1/2588/1650/products/p1884f.jpg]
[furni-demo.myshopify.com/collections/chairs/products/alex-daisy-nordic-study-chair.html]
[furni-demo.myshopify.com/alex-daisy-nordic-study-chair.39.delayed]
[cdn.shopify.com/s/files/1/2588/1650/products/p8744d.jpg]
[furni-demo.myshopify.com/collections/chairs/products/galaxy-shorts.html]
[cdn.shopify.com/s/files/1/2588/1650/products/p107233.jpg]
[furni-demo.myshopify.com/collections/chairs/products/amet-kalrfort.html]
[cdn.shopify.com/s/files/1/2588/1650/products/p14_e75e644a-5a79-40ac-9e2e-41aee7b6fff42e38.jpg]
[cdn.shopify.com/s/files/1/2588/1650/products/p13eb22.jpg]
[furni-demo.myshopify.com/collections/chairs/products/fuastick-chair.html]
[furni-demo.myshopify.com/fuastick-chair]
[cdn.shopify.com/s/files/1/2588/1650/products/p151012.jpg]
[furni-demo.myshopify.com/interior-leatherette-chair]
[furni-demo.myshopify.com/collections/chairs/products/interior-leatherette-chair.html]
[cdn.shopify.com/s/files/1/2588/1650/products/p7c49f.jpg]
[cdn.shopify.com/s/files/1/2588/1650/products/p2976e.jpg]
[furni-demo.myshopify.com/collections/occasional-chairs/products/regentseating-chair.html]
[furni-demo.myshopify.com/regentseating-chair]
[cdn.shopify.com/s/files/1/2588/1650/products/p617e4.jpg]
[furni-demo.myshopify.com/collections/occasional-chairs/products/mavi-vinyl-study-chair.html]
[furni-demo.myshopify.com/mavi-vinyl-study-chair]
[cdn.shopify.com/s/files/1/2588/1650/products/p11a853.jpg]
[cdn.shopify.com/s/files/1/2588/1650/products/p125957.jpg]
[cdn.shopify.com/s/files/1/2588/1650/products/p48b72.jpg]
[furni-demo.myshopify.com/woodstock-india-leatherette-office-chair]
[cdn.shopify.com/s/files/1/2588/1650/products/p143d67.jpg]
[cdn.shopify.com/s/files/1/2588/1650/products/p9_3824eb3a-7450-4f84-8f17-634ca7211c7912b3.jpg]
[furni-demo.myshopify.com/collections/frontpage/products/urban-ladder-venturi-chair.html]
[furni-demo.myshopify.com/urban-ladder-venturi-chair.66.delayed]
[cdn.shopify.com/s/files/1/2588/1650/products/p19b523.jpg]
[furni-demo.myshopify.com/collections/frontpage/products/voluptate-lit.html]
[furni-demo.myshopify.com/voluptate-lit]
[cdn.shopify.com/s/files/1/2588/1650/products/p340f9.jpg]
[cdn.shopify.com/s/files/1/2588/1650/products/p26b523.jpg]
[cdn.shopify.com/s/files/1/2588/1650/files/img412fa.jpg]
[cdn.shopify.com/s/files/1/2588/1650/files/img5cb8e.jpg]
[cdn.shopify.com/s/files/1/2588/1650/files/imgec3e.jpg]
[furni-demo.myshopify.com/Collections/all]
[cdn.shopify.com/s/files/1/2588/1650/articles/blog12b4bf.jpg]
[cdn.shopify.com/s/files/1/2588/1650/articles/blog11cd44.jpg]
[cdn.shopify.com/s/files/1/2588/1650/articles/blog10bb70.jpg]
[cdn.shopify.com/s/files/1/2588/1650/files/logo-14801.png]
[cdn.shopify.com/s/files/1/2588/1650/files/logo-262b3.png]
[cdn.shopify.com/s/files/1/2588/1650/files/logo-3c1a0.png]
[cdn.shopify.com/s/files/1/2588/1650/files/logo-40fe9.png]
[cdn.shopify.com/s/files/1/2588/1650/files/logo-6cad4.png]
[cdn.shopify.com/s/files/1/2588/1650/files/logo-877c2.png]
[cdn.shopify.com/s/files/1/2588/1650/files/log-99d1d.png]
[cdn.shopify.com/s/files/1/2588/1650/files/logo-10f785.png]
[cdn.shopify.com/s/files/1/2588/1650/files/2017-12-20e472.png]
[cdn.shopify.com/s/files/1/2588/1650/t/3/assets/instagram8a0b.js]
[cdn.shopify.com/s/files/1/2588/1650/t/3/assets/timber8a0b.js]
[cdn.shopify.com/s/files/1/2588/1650/t/3/assets/jquery.inview8a0b.js]
[cdn.shopify.com/s/files/1/2588/1650/t/3/assets/jquery-easing-1.38a0b.js]
[cdn.shopify.com/s/files/1/2588/1650/t/3/assets/theme8a0b.js]
[cdn.shopify.com/s/assets/themes_support/option_selection-ea4f4a242e299f2227b2b8038152223f741e90780c0c766883939e8902542bda.js]
[cdn.shopify.com/s/assets/themes_support/api.jquery-0ea851da22ae87c0290f4eeb24bc8b513ca182f3eb721d147c009ae0f5ce14f9.js]
[cdn.shopify.com/s/files/1/2588/1650/t/3/assets/jquery.history8a0b.js]
[cdn.shopify.com/s/files/1/2588/1650/t/3/assets/shop8a0b.js]
[cdn.shopify.com/s/files/1/2588/1650/t/3/assets/owl.carousel.min8a0b.js]
[cdn.shopify.com/s/files/1/2588/1650/t/3/assets/jquery-ui-totop8a0b.js]
[cdn.shopify.com/s/files/1/2588/1650/t/3/assets/jquery.tabs.min8a0b.js]
[cdn.shopify.com/s/files/1/2588/1650/t/3/assets/countdown8a0b.js]
[cdn.shopify.com/s/files/1/2588/1650/t/3/assets/jquery.elevatezoom8a0b.js]
[cdn.shopify.com/s/files/1/2588/1650/t/3/assets/jquery.fancybox8a0b.js]
[cdn.shopify.com/s/javascripts/currencies.js]
[cdn.shopify.com/s/files/1/2588/1650/t/3/assets/jquery.currencies.min8a0b.js]
[cdn.shopify.com/s/files/1/2588/1650/t/3/assets/popup_newsletter_img8a0b.jpg]
[cdn.shopify.com/s/files/1/2588/1650/t/3/assets/wow8a0b.js]
[cdn.shopify.com/s/files/1/2588/1650/t/3/assets/classie8a0b.js]
[cdn.shopify.com/s/files/1/2588/1650/t/3/assets/uisearch8a0b.js]
[furni-demo.myshopify.com/index.html]
[cdn.shopify.com/s/files/1/2588/1650/t/3/assets/Preloader_2ec83.gif]
[cdn.shopify.com/s/files/1/2588/1650/t/3/assets/timber.scss8a0b.css]
[cdn.shopify.com/s/files/1/2588/1650/t/3/assets/fontawesome-webfont3295.eot]
[cdn.shopify.com/s/files/1/2588/1650/t/3/assets/fontawesome-webfontd41d.eot]
[cdn.shopify.com/s/files/1/2588/1650/t/3/assets/fontawesome-webfont3295.woff2]
[cdn.shopify.com/s/files/1/2588/1650/t/3/assets/fontawesome-webfont3295.woff]
[cdn.shopify.com/s/files/1/2588/1650/t/3/assets/fontawesome-webfont3295.ttf]
[cdn.shopify.com/s/files/1/2588/1650/t/3/assets/Material-Design-Iconic-Fontd1f1.woff2]
[cdn.shopify.com/s/files/1/2588/1650/t/3/assets/Material-Design-Iconic-Fontd1f1.woff]
[cdn.shopify.com/s/files/1/2588/1650/t/3/assets/Material-Design-Iconic-Fontd1f1.ttf]
[cdn.shopify.com/s/files/1/2588/1650/t/3/assets/fonts.min8a0b.css]
[cdn.shopify.com/s/files/1/2588/1650/t/3/assets/loading.gif]
[cdn.shopify.com/s/files/1/2588/1650/t/3/assets/hoverec83.png]
[cdn.shopify.com/s/files/1/2588/1650/t/3/assets/loadingec83.gif]
[cdn.shopify.com/s/files/1/2588/1650/t/3/assets/controlsec83.png]
[cdn.shopify.com/s/files/1/2588/1650/t/3/assets/grabbing.png]
[cdn.shopify.com/s/files/1/2588/1650/t/3/assets/thumb-arrow-car.png]
[cdn.shopify.com/s/files/1/2588/1650/t/3/assets/Simple-Line-Iconsb26c.eot]
[cdn.shopify.com/s/files/1/2588/1650/t/3/assets/Simple-Line-Iconsb26c.woff2]
[cdn.shopify.com/s/files/1/2588/1650/t/3/assets/Simple-Line-Iconsb26c.ttf]
[cdn.shopify.com/s/files/1/2588/1650/t/3/assets/Simple-Line-Iconsb26c.woff]
[cdn.shopify.com/s/files/1/2588/1650/t/3/assets/fancybox.png]
[cdn.shopify.com/s/files/1/2588/1650/t/3/assets/style8a0b.css]
[cdn.shopify.com/s/files/1/2588/1650/t/3/compiled_assets/styles8a0b.css]
[furni-demo.myshopify.com/pages/wishlist.html]
[furni-demo.myshopify.com/cart.html]
[cdn.shopify.com/s/assets/themes_support/shopify_common-040322ee69221c50a47032355f2f7e6cbae505567e2157d53dfb0a2e7701839c.js]
[furni-demo.myshopify.com/account/login.html]
[cdn.shopify.com/s/files/1/2588/1650/t/3/assets/icon-megamenu8a0b.html]
[furni-demo.myshopify.com/account/register.html]
[furni-demo.myshopify.com/collections/all.atom]
[cdn.shopify.com/s/files/1/2588/1650/files/red_50xb116.png]
[furni-demo.myshopify.com/collections/all4658.html]
[cdn.shopify.com/s/files/1/2588/1650/files/black_50xcbd9.png]
[cdn.shopify.com/s/files/1/2588/1650/files/brown_50x6cc4.png]
[cdn.shopify.com/s/files/1/2588/1650/files/white_50xfa60.png]
[cdn.shopify.com/s/files/1/2588/1650/products/p13_smalleb22.jpg]
[cdn.shopify.com/s/files/1/2588/1650/products/p5_small399a.jpg]
[cdn.shopify.com/s/files/1/2588/1650/products/p15_small1012.jpg]
[cdn.shopify.com/s/files/1/2588/1650/products/p11_smalla853.jpg]
[cdn.shopify.com/s/files/1/2588/1650/files/img_500x500ec3e.jpg]
[furni-demo.myshopify.com/collections/chairs.html]
[furni-demo.myshopify.com/collections/grid]
[furni-demo.myshopify.com/collections/list]
[furni-demo.myshopify.com/collections/manual]
[furni-demo.myshopify.com/collections/price-ascending]
[furni-demo.myshopify.com/collections/price-descending]
[furni-demo.myshopify.com/collections/title-ascending]
[furni-demo.myshopify.com/collections/best-selling]
[furni-demo.myshopify.com/collections/all.html]
[cdn.shopify.com/s/files/1/2588/1650/products/p10_grande7233.jpg]
[cdn.shopify.com/s/files/1/2588/1650/products/p10_medium7233.jpg]
[furni-demo.myshopify.com/products/amet-kalrfort.oembed]
[ws.sharethis.com/button/buttons.js]
[cdn.shopify.com/s/files/1/2588/1650/products/p10_large7233.jpg]
[cdn.shopify.com/s/files/1/2588/1650/products/p10_1024x10247233.jpg]
[cdn.shopify.com/s/files/1/2588/1650/products/p10_compact7233.jpg]
[s7.addthis.com/js/300/addthis_widget.js]
[cdn.shopify.com/s/files/1/2588/1650/t/3/assets/social-buttons8a0b.js]
[furni-demo.myshopify.com/products/amet-kalrfort.html]
[cdn.shopify.com/s/files/1/2588/1650/products/p11_grandea853.jpg]
[cdn.shopify.com/s/files/1/2588/1650/products/p11_mediuma853.jpg]
[furni-demo.myshopify.com/products/ladder-roswell-solid-wood-table.oembed]
[cdn.shopify.com/s/files/1/2588/1650/products/p11_largea853.jpg]
[furni-demo.myshopify.com/collections/occasional-chairs.html]
[cdn.shopify.com/s/files/1/2588/1650/products/p11_1024x1024a853.jpg]
[cdn.shopify.com/s/files/1/2588/1650/products/p11_compacta853.jpg]
[furni-demo.myshopify.com/products/ladder-roswell-solid-wood-table.html]
[cdn.shopify.com/s/files/1/2588/1650/products/p5_grande399a.jpg]
[cdn.shopify.com/s/files/1/2588/1650/products/p5_medium399a.jpg]
[cdn.shopify.com/s/files/1/2588/1650/products/p5_large399a.jpg]
[furni-demo.myshopify.com/products/hetal-enterprises-leatherette-office-chair.oembed]
[cdn.shopify.com/s/files/1/2588/1650/products/p5_1024x1024399a.jpg]
[cdn.shopify.com/s/files/1/2588/1650/products/p5_compact399a.jpg]
[furni-demo.myshopify.com/products/hetal-enterprises-leatherette-office-chair.html]
[cdn.shopify.com/s/files/1/2588/1650/products/p3_grande40f9.jpg]
[cdn.shopify.com/s/files/1/2588/1650/products/p3_medium40f9.jpg]
[cdn.shopify.com/s/files/1/2588/1650/products/p3_large40f9.jpg]
[cdn.shopify.com/s/files/1/2588/1650/products/p3_1024x102440f9.jpg]
[cdn.shopify.com/s/files/1/2588/1650/products/p3_compact40f9.jpg]
[furni-demo.myshopify.com/products/woodstock-office-chair.html]
[cdn.shopify.com/s/files/1/2588/1650/products/p7_grandec49f.jpg]
[cdn.shopify.com/s/files/1/2588/1650/products/p7_mediumc49f.jpg]
[cdn.shopify.com/s/files/1/2588/1650/products/p7_largec49f.jpg]
[cdn.shopify.com/s/files/1/2588/1650/products/p7_1024x1024c49f.jpg]
[cdn.shopify.com/s/files/1/2588/1650/products/p7_compactc49f.jpg]
[furni-demo.myshopify.com/products/leatherette-office-chair.html]
[cdn.shopify.com/s/files/1/2588/1650/products/p1_large884f.jpg]
[furni-demo.myshopify.com/collections.html]
[cdn.shopify.com/s/files/1/2588/1650/products/p19_grandeb523.jpg]
[cdn.shopify.com/s/files/1/2588/1650/products/p19_mediumb523.jpg]
[cdn.shopify.com/s/files/1/2588/1650/products/p19_largeb523.jpg]
[cdn.shopify.com/s/files/1/2588/1650/products/p19_1024x1024b523.jpg]
[cdn.shopify.com/s/files/1/2588/1650/products/p19_compactb523.jpg]
[furni-demo.myshopify.com/products/voluptate-lit.html]
[furni-demo.myshopify.com/products/galaxy-shorts.html]
[cdn.shopify.com/s/files/1/2588/1650/products/p13_grandeeb22.jpg]
[cdn.shopify.com/s/files/1/2588/1650/products/p14_e75e644a-5a79-40ac-9e2e-41aee7b6fff4_grande2e38.jpg]
[cdn.shopify.com/s/files/1/2588/1650/products/p13_mediumeb22.jpg]
[cdn.shopify.com/s/files/1/2588/1650/products/p13_largeeb22.jpg]
[cdn.shopify.com/s/files/1/2588/1650/products/p13_1024x1024eb22.jpg]
[cdn.shopify.com/s/files/1/2588/1650/products/p13_compacteb22.jpg]
[cdn.shopify.com/s/files/1/2588/1650/products/p14_e75e644a-5a79-40ac-9e2e-41aee7b6fff4_1024x10242e38.jpg]
[cdn.shopify.com/s/files/1/2588/1650/products/p14_e75e644a-5a79-40ac-9e2e-41aee7b6fff4_compact2e38.jpg]
[furni-demo.myshopify.com/products/fuastick-chair.html]
[furni-demo.myshopify.com/products/tempor-chair.html]
[furni-demo.myshopify.com/products/woodstock-india-leatherette-office-chair.html]
[furni-demo.myshopify.com/products/urban-ladder-venturi-chair.html]
[furni-demo.myshopify.com/products/regentseating-chair.html]
[furni-demo.myshopify.com/products/mavi-vinyl-study-chair.html]
[cdn.shopify.com/s/files/1/2588/1650/products/p15_grande1012.jpg]
[cdn.shopify.com/s/files/1/2588/1650/products/p15_medium1012.jpg]
[cdn.shopify.com/s/files/1/2588/1650/products/p15_large1012.jpg]
[cdn.shopify.com/s/files/1/2588/1650/products/p15_1024x10241012.jpg]
[cdn.shopify.com/s/files/1/2588/1650/products/p15_compact1012.jpg]
[furni-demo.myshopify.com/products/interior-leatherette-chair.html]
[cdn.shopify.com/s/files/1/2588/1650/products/p12_grande5957.jpg]
[cdn.shopify.com/s/files/1/2588/1650/products/p12_medium5957.jpg]
[cdn.shopify.com/s/files/1/2588/1650/products/p12_large5957.jpg]
[cdn.shopify.com/s/files/1/2588/1650/products/p12_1024x10245957.jpg]
[cdn.shopify.com/s/files/1/2588/1650/products/p12_compact5957.jpg]
[furni-demo.myshopify.com/products/muren-durable-and-portable-printed-study-table.html]
[furni-demo.myshopify.com/products/ullamco-cillum.html]
[furni-demo.myshopify.com/products/alex-daisy-nordic-study-chair.html]
[furni-demo.myshopify.com/pages/about.html]
[furni-demo.myshopify.com/blogs/news.html]
[furni-demo.myshopify.com/pages/contact.html]
[furni-demo.myshopify.com/collections/frontpage.html]
[furni-demo.myshopify.com/collections/chairs/products/hetal-enterprises-leatherette-office-chair.html]
[furni-demo.myshopify.com/hetal-enterprises-leatherette-office-chair.html]
[cdn.shopify.com/s/files/1/2588/1650/products/p1_grande884f.jpg]
[cdn.shopify.com/s/files/1/2588/1650/products/p1_medium884f.jpg]
[cdn.shopify.com/s/files/1/2588/1650/products/p1_1024x1024884f.jpg]
[cdn.shopify.com/s/files/1/2588/1650/products/p1_compact884f.jpg]
[furni-demo.myshopify.com/collections/chairs/products/alex-daisy-nordic-study-chair.html]
[furni-demo.myshopify.com/alex-daisy-nordic-study-chair.html]
[cdn.shopify.com/s/files/1/2588/1650/products/p8_grande744d.jpg]
[cdn.shopify.com/s/files/1/2588/1650/products/p8_medium744d.jpg]
[cdn.shopify.com/s/files/1/2588/1650/products/p8_large744d.jpg]
[cdn.shopify.com/s/files/1/2588/1650/products/p8_1024x1024744d.jpg]
[cdn.shopify.com/s/files/1/2588/1650/products/p8_compact744d.jpg]
[furni-demo.myshopify.com/collections/chairs/products/galaxy-shorts.html]
[furni-demo.myshopify.com/galaxy-shorts.html]
[furni-demo.myshopify.com/collections/chairs/products/amet-kalrfort.html]
[furni-demo.myshopify.com/amet-kalrfort.html]
[furni-demo.myshopify.com/collections/chairs/products/fuastick-chair.html]
[furni-demo.myshopify.com/fuastick-chair.html]
[furni-demo.myshopify.com/collections/chairs/products/interior-leatherette-chair.html]
[furni-demo.myshopify.com/interior-leatherette-chair.html]
[furni-demo.myshopify.com/collections/occasional-chairs/products/leatherette-office-chair.html]
[furni-demo.myshopify.com/leatherette-office-chair.html]
[cdn.shopify.com/s/files/1/2588/1650/products/p2_grande976e.jpg]
[cdn.shopify.com/s/files/1/2588/1650/products/p2_medium976e.jpg]
[cdn.shopify.com/s/files/1/2588/1650/products/p2_large976e.jpg]
[cdn.shopify.com/s/files/1/2588/1650/products/p2_1024x1024976e.jpg]
[cdn.shopify.com/s/files/1/2588/1650/products/p2_compact976e.jpg]
[furni-demo.myshopify.com/collections/occasional-chairs/products/regentseating-chair.html]
[furni-demo.myshopify.com/regentseating-chair.html]
[cdn.shopify.com/s/files/1/2588/1650/products/p6_grande17e4.jpg]
[cdn.shopify.com/s/files/1/2588/1650/products/p6_medium17e4.jpg]
[cdn.shopify.com/s/files/1/2588/1650/products/p6_large17e4.jpg]
[furni-demo.myshopify.com/products/mavi-vinyl-study-chair.oembed]
[cdn.shopify.com/s/files/1/2588/1650/products/p6_1024x102417e4.jpg]
[cdn.shopify.com/s/files/1/2588/1650/products/p6_compact17e4.jpg]
[furni-demo.myshopify.com/collections/occasional-chairs/products/mavi-vinyl-study-chair.html]
[furni-demo.myshopify.com/mavi-vinyl-study-chair.html]
[furni-demo.myshopify.com/collections/occasional-chairs/products/ladder-roswell-solid-wood-table.html]
[furni-demo.myshopify.com/ladder-roswell-solid-wood-table.html]
[furni-demo.myshopify.com/collections/occasional-chairs/products/muren-durable-and-portable-printed-study-table.html]
[furni-demo.myshopify.com/muren-durable-and-portable-printed-study-table.html]
[furni-demo.myshopify.com/collections/frontpage/products/fuastick-chair.html]
[furni-demo.myshopify.com/collections/frontpage/products/hetal-enterprises-leatherette-office-chair.html]
[furni-demo.myshopify.com/collections/frontpage/products/interior-leatherette-chair.html]
[furni-demo.myshopify.com/collections/frontpage/products/ladder-roswell-solid-wood-table.html]
[furni-demo.myshopify.com/collections/frontpage/products/woodstock-india-leatherette-office-chair.html]
[furni-demo.myshopify.com/woodstock-india-leatherette-office-chair.html]
[furni-demo.myshopify.com/collections/frontpage/products/leatherette-office-chair.html]
[furni-demo.myshopify.com/collections/frontpage/products/mavi-vinyl-study-chair.html]
[furni-demo.myshopify.com/collections/frontpage/products/muren-durable-and-portable-printed-study-table.html]
[furni-demo.myshopify.com/collections/frontpage/products/regentseating-chair.html]
[furni-demo.myshopify.com/collections/frontpage/products/tempor-chair.html]
[furni-demo.myshopify.com/tempor-chair.html]
[cdn.shopify.com/s/files/1/2588/1650/products/p9_3824eb3a-7450-4f84-8f17-634ca7211c79_grande12b3.jpg]
[cdn.shopify.com/s/files/1/2588/1650/products/p9_3824eb3a-7450-4f84-8f17-634ca7211c79_medium12b3.jpg]
[cdn.shopify.com/s/files/1/2588/1650/products/p9_3824eb3a-7450-4f84-8f17-634ca7211c79_large12b3.jpg]
[cdn.shopify.com/s/files/1/2588/1650/products/p9_3824eb3a-7450-4f84-8f17-634ca7211c79_1024x102412b3.jpg]
[cdn.shopify.com/s/files/1/2588/1650/products/p9_3824eb3a-7450-4f84-8f17-634ca7211c79_compact12b3.jpg]
[furni-demo.myshopify.com/collections/frontpage/products/urban-ladder-venturi-chair.html]
[furni-demo.myshopify.com/urban-ladder-venturi-chair.html]
[furni-demo.myshopify.com/collections/frontpage/products/voluptate-lit.html]
[furni-demo.myshopify.com/voluptate-lit.html]
[furni-demo.myshopify.com/collections/frontpage/products/woodstock-office-chair.html]
[furni-demo.myshopify.com/woodstock-office-chair.html]
[furni-demo.myshopify.com/collections/frontpage/products/ullamco-cillum.html]
[furni-demo.myshopify.com/ullamco-cillum.html]
[furni-demo.myshopify.com/Collections/all-2.html]
[furni-demo.myshopify.com/blogs/news/office-furniture-cum-wall-units-of-tv-stand-music-player.html]
[furni-demo.myshopify.com/blogs/news/study-table-offers-multiple-usage.html]
[furni-demo.myshopify.com/blogs/news/the-living-room-furniture-that-enlivens-the-space.html]
[cdn.shopify.com/s/files/1/2588/1650/t/3/assets/ico-selectec83.svg]
[cdn.shopify.com/s/files/1/2588/1650/t/3/assets/iconsec83.html]
[cdn.shopify.com/s/files/1/2588/1650/t/3/assets/iconsec83-2.html]
[cdn.shopify.com/s/files/1/2588/1650/t/3/assets/iconsec83-3.html]
[cdn.shopify.com/s/files/1/2588/1650/t/3/assets/iconsec83-4.html]
[cdn.shopify.com/s/files/1/2588/1650/t/3/assets/fontawesome-webfont3295.svg]
[cdn.shopify.com/s/files/1/2588/1650/t/3/assets/full-width-brillianceec83.html]
[cdn.shopify.com/s/files/1/2588/1650/t/3/assets/16020_futuram-webfont.html]
[cdn.shopify.com/s/files/1/2588/1650/t/3/assets/16020_futuram-webfont-2.html]
[cdn.shopify.com/s/files/1/2588/1650/t/3/assets/futura_bk_bt_book-webfont.html]
[cdn.shopify.com/s/files/1/2588/1650/t/3/assets/futura_bk_bt_book-webfont-2.html]
[cdn.shopify.com/s/files/1/2588/1650/t/3/assets/tt0144m-webfont.html]
[cdn.shopify.com/s/files/1/2588/1650/t/3/assets/tt0144m-webfont-2.html]
[cdn.shopify.com/s/files/1/2588/1650/t/3/assets/ufonts.com_futura-medium-webfont.html]
[cdn.shopify.com/s/files/1/2588/1650/t/3/assets/ufonts.com_futura-medium-webfont-2.html]
[cdn.shopify.com/s/files/1/2588/1650/t/3/assets/ufonts.com_futura-lt-book-webfont.html]
[cdn.shopify.com/s/files/1/2588/1650/t/3/assets/ufonts.com_futura-lt-book-webfont-2.html]
[cdn.shopify.com/s/files/1/2588/1650/t/3/assets/Simple-Line-Iconsb26c.svg]
[cdn.shopify.com/s/files/1/2588/1650/t/3/assets/fancybox-x.html]
[furni-demo.myshopify.com/account/register.html]
[furni-demo.myshopify.com/collections/all2679.html]
[furni-demo.myshopify.com/collections/tempor-chair.144.delayed]
[furni-demo.myshopify.com/collections/all4658.html]
[furni-demo.myshopify.com/collections/chairs.html]
[furni-demo.myshopify.com/collections/grid.html]
[furni-demo.myshopify.com/collections/list.html]
[furni-demo.myshopify.com/collections/manual.html]
[furni-demo.myshopify.com/collections/price-ascending.html]
[furni-demo.myshopify.com/collections/price-descending.html]
[furni-demo.myshopify.com/collections/title-ascending.html]
[furni-demo.myshopify.com/collections/title-descending.html]
[furni-demo.myshopify.com/collections/created-ascending.html]
[furni-demo.myshopify.com/collections/created-descending.html]
[furni-demo.myshopify.com/collections/best-selling.html]
[furni-demo.myshopify.com/collections/8.html]
[furni-demo.myshopify.com/collections/12.html]
[furni-demo.myshopify.com/collections/24.html]
[furni-demo.myshopify.com/collections/36.html]
[furni-demo.myshopify.com/collections/alex-daisy-nordic-study-chair.html]
[furni-demo.myshopify.com/collections/amet-kalrfort.html]
[furni-demo.myshopify.com/collections/galaxy-shorts.html]
[furni-demo.myshopify.com/collections/fuastick-chair.html]
[furni-demo.myshopify.com/collections/hetal-enterprises-leatherette-office-chair.html]
[furni-demo.myshopify.com/collections/interior-leatherette-chair.html]
[furni-demo.myshopify.com/collections/ladder-roswell-solid-wood-table.html]
[furni-demo.myshopify.com/collections/woodstock-india-leatherette-office-chair.html]
[furni-demo.myshopify.com/collections/leatherette-office-chair.html]
[furni-demo.myshopify.com/collections/mavi-vinyl-study-chair.html]
[furni-demo.myshopify.com/collections/muren-durable-and-portable-printed-study-table.html]
[furni-demo.myshopify.com/collections/regentseating-chair.html]
[furni-demo.myshopify.com/collections/occasional-chairs.html]
[furni-demo.myshopify.com/products/woodstock-office-chair-2.html]
[furni-demo.myshopify.com/products/leatherette-office-chair-2.html]
[furni-demo.myshopify.com/collections/wardrobe.html]
[furni-demo.myshopify.com/products/voluptate-lit-2.html]
[furni-demo.myshopify.com/products/fuastick-chair-2.html]
[furni-demo.myshopify.com/products/interior-leatherette-chair-2.html]
[furni-demo.myshopify.com/products/muren-durable-and-portable-printed-study-table-2.html]
[furni-demo.myshopify.com/products/alex-daisy-nordic-study-chair-2.html]
[furni-demo.myshopify.com/products/galaxy-shorts-2.html]
[furni-demo.myshopify.com/products/regentseating-chair-2.html]
[furni-demo.myshopify.com/products/urban-ladder-venturi-chair-2.html]
[furni-demo.myshopify.com/collections/all2679.html]
[furni-demo.myshopify.com/collections/tempor-chair.html]
[furni-demo.myshopify.com/collections/ullamco-cillum.html]
[furni-demo.myshopify.com/collections/urban-ladder-venturi-chair.html]
[furni-demo.myshopify.com/collections/voluptate-lit.html]
[furni-demo.myshopify.com/collections/woodstock-office-chair.html]
[furni-demo.myshopify.com/collections/chairs-2.html]
[furni-demo.myshopify.com/collections/chairs-3.html]
[furni-demo.myshopify.com/collections/chairs/products/ladder-roswell-solid-wood-table.html]
[furni-demo.myshopify.com/collections/occasional-chairs-2.html]
[furni-demo.myshopify.com/collections/occasional-chairs-3.html]
[furni-demo.myshopify.com/collections/occasional-chairs/products/fuastick-chair.html]
[furni-demo.myshopify.com/collections/occasional-chairs/products/hetal-enterprises-leatherette-office-chair.html]
[furni-demo.myshopify.com/collections/occasional-chairs/products/interior-leatherette-chair.html]
